Last login: Sat May 14 14:06:55 on ttys000
anthonypaolantonio@Anthonys-MBP-4 ~ % sudo pip3 install -U psutil
Password:
WARNING: The directory '/Users/anthonypaolantonio/Library/Caches/pip' or its parent directory is not owned or is not writable by the current user. The cache has been disabled. Check the permissions and owner of that directory. If executing pip with sudo, you may want sudo's -H flag.
Collecting psutil
  Downloading psutil-5.9.0.tar.gz (478 kB)
     |████████████████████████████████| 478 kB 12.3 MB/s 
Building wheels for collected packages: psutil
  Building wheel for psutil (setup.py) ... done
  Created wheel for psutil: filename=psutil-5.9.0-cp38-cp38-macosx_10_14_x86_64.whl size=264589 sha256=36e795ce98a24fea25b63522808a66ea8c3fc5896c3aed656c289acedb7ea0a6
  Stored in directory: /private/tmp/pip-ephem-wheel-cache-f2o48aqx/wheels/9c/28/d8/45cbe6aa547b8b581dfa337cb3aaec76f3029d22f1199fff9e
Successfully built psutil
Installing collected packages: psutil
Successfully installed psutil-5.9.0
WARNING: You are using pip version 20.2.3; however, version 22.1 is available.
You should consider upgrading via the '/Applications/Xcode.app/Contents/Developer/usr/bin/python3 -m pip install --upgrade pip' command.
anthonypaolantonio@Anthonys-MBP-4 ~ % cd ~/demo
anthonypaolantonio@Anthonys-MBP-4 demo % cp ~/iot/lesson7/thingspeak_cpu_loop.py .
anthonypaolantonio@Anthonys-MBP-4 demo % cp ~/iot/lesson7/thingspeak_feed.py .
anthonypaolantonio@Anthonys-MBP-4 demo % cat thingspeak_cpu_loop.py
import http.client, urllib.request, urllib.parse, urllib.error
from time import localtime, strftime
import psutil
import time
def doit():
	cpu_pc = psutil.cpu_percent()
	mem = psutil.virtual_memory()
	mem_avail_mb = mem.available/(1024*1024)
	params = urllib.parse.urlencode({'field1': cpu_pc, 'field2':
             mem_avail_mb,'key':'YOURKEYHERE'})
	headers = {"Content-type":
               "application/x-www-form-urlencoded","Accept": "text/plain"}
	conn = http.client.HTTPConnection("api.thingspeak.com:80")
	try:
		conn.request("POST", "/update", params, headers)
		response = conn.getresponse()
		print(cpu_pc)
		print(mem_avail_mb)
		print(strftime("%a, %d %b %Y %H:%M:%S", localtime()))
		print(response.status, response.reason)
		data = response.read()
		conn.close()
	except:
		print("connection failed")
#sleep for 60 seconds (message update interval limit of 15 seconds)
if __name__ == "__main__":
	while True:
		doit()
		time.sleep(60)
anthonypaolantonio@Anthonys-MBP-4 demo % cat thingspeak_feed.py
import http.client, urllib.request, urllib.parse, urllib.error
from time import localtime, strftime
import psutil
import time
"""
2020-11-26: Pridhvi Myneni added lines 13-18, 25, and 43-54
1. gitignore (https://git-scm.com/docs/gitignore) now prevents students from pushing up credentials.
2. This program now attempts to cache the API key, but always prompts the user for their preference prior to saving credentials locally.
3. Pickle data type used to store credentials. Pickle is a binary storage version of JSON. Please note not-human-readable does not mean secure.
4. Removed key storage in source, which is generally a bad practice, as it leads to version control systems having your key.
5. Key for storage in a dictionary. This could be expanded in the future if other information needs to be similarly stored.
"""
from pickle import dump as pickle_dump
from pickle import load as pickle_load
from os.path import exists as file_exists
from os.path import isfile as is_file
PICKLE_FILE_NAME = "API_KEY.pickle"
API_KEY_INDEX = "API_KEY"
def doit():
	cpu_pc = psutil.cpu_percent()
	mem = psutil.virtual_memory()
	mem_avail_mb = mem.available/(1024*1024)
	params = urllib.parse.urlencode({'field1': cpu_pc, 'field2':
#             mem_avail_mb,'key':'YOURKEYHERE'})
             mem_avail_mb,'key':KEY})
	headers = {"Content-type":
               "application/x-www-form-urlencoded","Accept": "text/plain"}
	conn = http.client.HTTPConnection("api.thingspeak.com:80")
	try:
		conn.request("POST", "/update", params, headers)
		response = conn.getresponse()
		print(cpu_pc)
		print(mem_avail_mb)
		print(strftime("%a, %d %b %Y %H:%M:%S", localtime()))
		print(response.status, response.reason)
		data = response.read()
		conn.close()
	except:
		print("connection failed")
#sleep for 60 seconds (message update interval limit of 15 seconds)
if __name__ == "__main__":
#caching the Write Key for the ThingSpeak API
	if file_exists(PICKLE_FILE_NAME) and is_file(PICKLE_FILE_NAME):
		save_file = None
		with open(PICKLE_FILE_NAME, 'rb') as f:
			save_file = pickle_load(f)
		KEY = save_file[API_KEY_INDEX]
	else:
		key = input("An API key savefile was not found. Enter Write API Key >>> ")
		should_save = input("Should we save this key for future use? [y/N] >>> ")
		KEY = key.strip()
		if len(should_save)>0 and should_save.lower().startswith("y"):
			with open(PICKLE_FILE_NAME, 'wb') as f:
				pickle_dump({API_KEY_INDEX: KEY}, f)  
	while True:
		doit()
		time.sleep(60)
anthonypaolantonio@Anthonys-MBP-4 demo % python3 thingspeak_feed.py
Traceback (most recent call last):
  File "/Users/anthonypaolantonio/demo/thingspeak_feed.py", line 3, in <module>
    import psutil
ModuleNotFoundError: No module named 'psutil'
anthonypaolantonio@Anthonys-MBP-4 demo % sudo pip3 install -U gspread oauth2client
Password:
WARNING: The directory '/Users/anthonypaolantonio/Library/Caches/pip' or its parent directory is not owned or is not writable by the current user. The cache has been disabled. Check the permissions and owner of that directory. If executing pip with sudo, you may want sudo's -H flag.
Collecting gspread
  Downloading gspread-5.3.2-py3-none-any.whl (34 kB)
Collecting oauth2client
  Downloading oauth2client-4.1.3-py2.py3-none-any.whl (98 kB)
     |████████████████████████████████| 98 kB 20.3 MB/s 
Collecting google-auth-oauthlib>=0.4.1
  Downloading google_auth_oauthlib-0.5.1-py2.py3-none-any.whl (19 kB)
Collecting google-auth>=1.12.0
  Downloading google_auth-2.6.6-py2.py3-none-any.whl (156 kB)
     |████████████████████████████████| 156 kB 35.5 MB/s 
Collecting pyasn1>=0.1.7
  Downloading pyasn1-0.4.8-py2.py3-none-any.whl (77 kB)
     |████████████████████████████████| 77 kB 35.0 MB/s 
Collecting pyasn1-modules>=0.0.5
  Downloading pyasn1_modules-0.2.8-py2.py3-none-any.whl (155 kB)
     |████████████████████████████████| 155 kB 46.2 MB/s 
Requirement already satisfied, skipping upgrade: six>=1.6.1 in /Applications/Xcode.app/Contents/Developer/Library/Frameworks/Python3.framework/Versions/3.8/lib/python3.8/site-packages (from oauth2client) (1.15.0)
Collecting rsa>=3.1.4
  Downloading rsa-4.8-py3-none-any.whl (39 kB)
Collecting httplib2>=0.9.1
  Downloading httplib2-0.20.4-py3-none-any.whl (96 kB)
     |████████████████████████████████| 96 kB 35.2 MB/s 
Collecting requests-oauthlib>=0.7.0
  Downloading requests_oauthlib-1.3.1-py2.py3-none-any.whl (23 kB)
Collecting cachetools<6.0,>=2.0.0
  Downloading cachetools-5.0.0-py3-none-any.whl (9.1 kB)
Collecting pyparsing!=3.0.0,!=3.0.1,!=3.0.2,!=3.0.3,<4,>=2.4.2; python_version > "3.0"
  Downloading pyparsing-3.0.9-py3-none-any.whl (98 kB)
     |████████████████████████████████| 98 kB 43.6 MB/s 
Collecting requests>=2.0.0
  Downloading requests-2.27.1-py2.py3-none-any.whl (63 kB)
     |████████████████████████████████| 63 kB 24.4 MB/s 
Collecting oauthlib>=3.0.0
  Downloading oauthlib-3.2.0-py3-none-any.whl (151 kB)
     |████████████████████████████████| 151 kB 41.7 MB/s 
Collecting urllib3<1.27,>=1.21.1
  Downloading urllib3-1.26.9-py2.py3-none-any.whl (138 kB)
     |████████████████████████████████| 138 kB 42.1 MB/s 
Collecting idna<4,>=2.5; python_version >= "3"
  Downloading idna-3.3-py3-none-any.whl (61 kB)
     |████████████████████████████████| 61 kB 26.4 MB/s 
Collecting certifi>=2017.4.17
  Downloading certifi-2021.10.8-py2.py3-none-any.whl (149 kB)
     |████████████████████████████████| 149 kB 32.3 MB/s 
Collecting charset-normalizer~=2.0.0; python_version >= "3"
  Downloading charset_normalizer-2.0.12-py3-none-any.whl (39 kB)
Installing collected packages: pyasn1, rsa, pyasn1-modules, cachetools, google-auth, urllib3, idna, certifi, charset-normalizer, requests, oauthlib, requests-oauthlib, google-auth-oauthlib, gspread, pyparsing, httplib2, oauth2client
Successfully installed cachetools-5.0.0 certifi-2021.10.8 charset-normalizer-2.0.12 google-auth-2.6.6 google-auth-oauthlib-0.5.1 gspread-5.3.2 httplib2-0.20.4 idna-3.3 oauth2client-4.1.3 oauthlib-3.2.0 pyasn1-0.4.8 pyasn1-modules-0.2.8 pyparsing-3.0.9 requests-2.27.1 requests-oauthlib-1.3.1 rsa-4.8 urllib3-1.26.9
WARNING: You are using pip version 20.2.3; however, version 22.1 is available.
You should consider upgrading via the '/Applications/Xcode.app/Contents/Developer/usr/bin/python3 -m pip install --upgrade pip' command.
anthonypaolantonio@Anthonys-MBP-4 demo % cd demo
cd: no such file or directory: demo
anthonypaolantonio@Anthonys-MBP-4 demo % cp ~/iot/lesson3/system_info.py .
anthonypaolantonio@Anthonys-MBP-4 demo % cp ~/iot/lesson7/rpi_spreadsheet.py .
anthonypaolantonio@Anthonys-MBP-4 demo % 
